<?xml version='1.0' encoding='utf-8' ?><html xmlns="http://www.w3.org/1999/xhtml"><head><meta http-equiv="Content-Type" content="text/html; charset=utf-8"/></head><body>some content<br/>here<p>second para</p><p>third para</p></body></html>